<html>
<body>
<pre>
<h1>礦ision Build Log</h1>
<h2>Tool Versions:</h2>
IDE-Version: μVision V5.21.1.0
Copyright (C) 2016 ARM Ltd and ARM Germany GmbH. All rights reserved.
License Information: 1 A, 1, LIC=VGXG8-3B4J1-VEWHA-1NF1Y-AMN3B-Q29EM
 
Tool Versions:
Toolchain:       MDK-ARM Plus  Version: 5.21a
Toolchain Path:  D:\KEIL5\ARM\ARMCC\Bin
C Compiler:      Armcc.exe V5.06 update 3 (build 300)
Assembler:       Armasm.exe V5.06 update 3 (build 300)
Linker/Locator:  ArmLink.exe V5.06 update 3 (build 300)
Library Manager: ArmAr.exe V5.06 update 3 (build 300)
Hex Converter:   FromElf.exe V5.06 update 3 (build 300)
CPU DLL:         SARMCM3.DLL V5.21a
Dialog DLL:      DARMSTM.DLL V1.66.0.1
Target DLL:      STLink\ST-LINKIII-KEIL_SWO.dll V2.0.18.0
Dialog DLL:      TARMSTM.DLL V1.65.0.0
 
<h2>Project:</h2>
C:\Users\A\Desktop\ALIENTEK MINISTM32 实验11 TFT LCD液晶显示实验\USER\LCD.uvprojx
Project File Date:  09/13/2022

<h2>Output:</h2>
*** Using Compiler 'V5.06 update 3 (build 300)', folder: 'D:\KEIL5\ARM\ARMCC\Bin'
Rebuild target 'Target 1'
assembling startup_stm32f10x_hd.s...
compiling core_cm3.c...
compiling led.c...
compiling misc.c...
compiling stm32f10x_rcc.c...
compiling stm32f10x_it.c...
compiling system_stm32f10x.c...
compiling usart.c...
compiling stm32f10x_gpio.c...
compiling delay.c...
compiling main.c...
compiling sys.c...
compiling stm32f10x_usart.c...
compiling lcd.c...
linking...
Program Size: Code=22664 RO-data=6476 RW-data=56 ZI-data=1848  
FromELF: creating hex file...
"..\OBJ\LCD.axf" - 0 Error(s), 0 Warning(s).

<h2>Collection of Component include folders:</h2>
  C:\Users\A\Desktop\ALIENTEK MINISTM32 实验11 TFT LCD液晶显示实验\USER\RTE
  D:\KEIL5\ARM\PACK\Keil\STM32F1xx_DFP\2.2.0\Device\Include

<h2>Collection of Component Files used:</h2>
Build Time Elapsed:  00:00:01
</pre>
</body>
</html>
